// Jest Snapshot v1, https://goo.gl/fbAQLP

exports[`renders the capture button correctly 1`] = `
<View
  animatedStyle={
    Object {
      "value": Object {
        "opacity": 0.3,
        "transform": Array [
          Object {
            "scale": 0.6,
          },
        ],
      },
    }
  }
  collapsable={false}
  flash="off"
  forwardedRef={[Function]}
  onGestureHandlerEvent={[Function]}
  setIsPressingButton={[Function]}
  style={
    Object {
      "opacity": 0.3,
      "transform": Array [
        Object {
          "scale": 0.6,
        },
      ],
    }
  }
>
  <View
    animatedStyle={
      Object {
        "value": Object {},
      }
    }
    collapsable={false}
    style={
      Object {
        "flex": 1,
      }
    }
  >
    <View
      animatedStyle={
        Object {
          "value": Object {
            "transform": Array [
              Object {
                "scale": 0,
              },
            ],
          },
        }
      }
      collapsable={false}
      style={
        Object {
          "backgroundColor": "#e34077",
          "borderRadius": 39,
          "height": 78,
          "position": "absolute",
          "transform": Array [
            Object {
              "scale": 0,
            },
          ],
          "width": 78,
        }
      }
    />
    <View
      style={
        Object {
          "borderColor": "white",
          "borderRadius": 39,
          "borderWidth": 7.800000000000001,
          "height": 78,
          "width": 78,
        }
      }
    />
  </View>
</View>
`;
