// Jest Snapshot v1, https://goo.gl/fbAQLP

exports[`renders the share modal correctly 1`] = `
<Modal
  hardwareAccelerated={false}
  transparent={true}
  visible={false}
/>
`;
